ERROR: 404 Client Error: Not Found for url: https://generativelanguage.googleapis.com/v1beta/models/gemini-1.5-flash:generateContent?key=HIDDEN_KEY
ERROR: 404 Client Error: Not Found for url: https://generativelanguage.googleapis.com/v1beta/models/gemini-1.5-flash:generateContent?key=HIDDEN_KEY
ERROR: 404 Client Error: Not Found for url: https://generativelanguage.googleapis.com/v1beta/models/gemini-1.5-flash:generateContent?key=HIDDEN_KEY
ERROR: 404 Client Error: Not Found for url: https://generativelanguage.googleapis.com/v1beta/models/gemini-1.5-flash:generateContent?key=HIDDEN_KEY
